[jpmachado.art/index.html]
[backblue.gif]
[fade.gif]
[index.html]
[jpmachado.art/assets/css/reset.css]
[jpmachado.art/assets/css/plugins.css]
[jpmachado.art/assets/css/style.css]
[jpmachado.art/libs/ajaxform/ajaxform.css]
[jpmachado.art/custom.css]
[jpmachado.art/assets/images/favicon.ico]
[jpmachado.art/assets/images/logo.png]
[jpmachado.art/assets/images/bg-juan-pablo-machado-home.jpg]
[jpmachado.art/en/home/index.html]
[jpmachado.art/en/portfolio/index.html]
[jpmachado.art/en/blog/index.html]
[jpmachado.art/en/portfolio.html]
[jpmachado.art/en/about/index.html]
[jpmachado.art/en/contact/index.html]
[jpmachado.art/assets/js/jquery.min.js]
[jpmachado.art/assets/js/scripts.js]
[jpmachado.art/libs/bootstrap-validator/validator.min.js]
[jpmachado.art/assets/js/plugins.js]
[jpmachado.art/libs/ajaxform/ajaxform.js]
[jpmachado.art/admin_jpmachado/modules/languages/languages.js]
[jpmachado.art/index.html]
[jpmachado.art/assets/css/reset.css]
[jpmachado.art/assets/fonts/fontawesome-webfont3e6e.eot]
[jpmachado.art/assets/fonts/fontawesome-webfontd41d.eot]
[jpmachado.art/assets/fonts/fontawesome-webfont3e6e.woff2]
[jpmachado.art/assets/fonts/fontawesome-webfont3e6e.woff]
[jpmachado.art/assets/fonts/fontawesome-webfont3e6e.ttf]
[jpmachado.art/assets/fonts/lgd641.eot]
[jpmachado.art/assets/fonts/lgd41d.eot]
[jpmachado.art/assets/fonts/lgd641.woff]
[jpmachado.art/assets/fonts/lgd641.ttf]
[jpmachado.art/assets/css/plugins.css]
[jpmachado.art/assets/images/separator2.png]
[jpmachado.art/assets/images/separator.png]
[jpmachado.art/assets/css/style.css]
[jpmachado.art/assets/css/yourstyle.css]
[jpmachado.art/libs/ajaxform/ajaxform.css]
[jpmachado.art/custom.css]
[jpmachado.art/en/home/index.html]
[jpmachado.art/assets/images/bg-juan-pablo-machado-about.jpg]
[jpmachado.art/assets/images/juan-pablo-machado-2d-animator-freelance.png]
[jpmachado.art/en/about/index.html]
[jpmachado.art/content/uploads/video_juan-pablo-machado-animation-demo-reel.jpg]
[jpmachado.art/content/uploads/juan-pablo-machado-character-design-sos_mail.jpg]
[jpmachado.art/content/uploads/juan-pablo-machado-profesional-work-chilledcow.jpg]
[jpmachado.art/content/uploads/juan-pablo-machado-character-design-sos_thieves.jpg]
[jpmachado.art/content/uploads/video_juan-pablo-machado-animation-petits-trains.jpg]
[jpmachado.art/content/uploads/juan-pablo-machado-profesional-work-instrumentalsupply.jpg]
[jpmachado.art/content/uploads/juan-pablo-machado-character-design-titus-and-seneca.jpg]
[jpmachado.art/content/uploads/juan-pablo-machado-profesional-work-chilledcow_cd.jpg]
[jpmachado.art/content/uploads/juan-pablo-machado-character-design-mongol-warrior.jpg]
[jpmachado.art/content/uploads/video_juan-pablo-machado-animation-ou-est-mon-doudou.jpg]
[jpmachado.art/content/uploads/plan20-17145126_portfolio.jpg]
[jpmachado.art/en/portfolio/index.html]
[jpmachado.art/assets/images/bg-juan-pablo-machado-blog.jpg]
[jpmachado.art/content/uploads/storyboard-design-for-rapunzel-20180706052655.jpg]
[jpmachado.art/en/blog/tags/portfolio.html]
[jpmachado.art/en/blog/tags/storyboard.html]
[jpmachado.art/en/blog/tags/review.html]
[jpmachado.art/en/blog/post/storyboard-design-for-rapunzel.html]
[jpmachado.art/content/uploads/character-design-project-the-police-20180706052639.jpg]
[jpmachado.art/en/blog/tags/character+design.html]
[jpmachado.art/en/blog/post/character-design-project-the-police.html]
[jpmachado.art/content/uploads/making-of-a-2d-animation-for-chilledcow-20180706052709.jpg]
[jpmachado.art/en/blog/tags/making+of.html]
[jpmachado.art/en/blog/tags/projects.html]
[jpmachado.art/en/blog/tags/chilledcow.html]
[jpmachado.art/en/blog/post/making-of-a-2d-animation-for-chilledcow.html]
[jpmachado.art/en/blog/index.html]
[jpmachado.art/assets/images/bg-juan-pablo-machado-contact.jpg]
[jpmachado.art/en/contact/index.html]
[jpmachado.art/en/portfolio.html]
[jpmachado.art/assets/fonts/fontawesome-webfont3e6e.svg]
[jpmachado.art/assets/fonts/lgd641.svg]
[jpmachado.art/assets/img/vimeo-play.html]
[jpmachado.art/assets/img/video-play.html]
[jpmachado.art/assets/img/youtube-play.html]
[jpmachado.art/assets/images/loading.html]
[jpmachado.art/en/blog/tags/portfolio.html]
[jpmachado.art/en/blog/tags/storyboard.html]
[jpmachado.art/en/blog/tags/review.html]
[jpmachado.art/en/blog/tags/index.html]
[jpmachado.art/en/blog/post/storyboard-design-for-rapunzel.html]
[jpmachado.art/en/blog/tags/character+design.html]
[jpmachado.art/content/uploads/character-design-project-the-police-20180706052639-11192748_posts-4.jpg]
[jpmachado.art/content/uploads/juan-pablo-machado-character-design-police-02-11192747_posts-4.jpg]
[jpmachado.art/content/uploads/juan-pablo-machado-character-design-police-01-11192747_posts-4.jpg]
[jpmachado.art/en/blog/post/character-design-project-the-police.html]
[jpmachado.art/en/blog/tags/making+of.html]
[jpmachado.art/en/blog/tags/projects.html]
[jpmachado.art/en/blog/tags/chilledcow.html]
[jpmachado.art/en/blog/post/making-of-a-2d-animation-for-chilledcow.html]
